src/components/__tests__/DashboardLayout.test.tsx(3,10): error TS6133: 'BrowserRouter' is declared but its value is never read.
src/components/__tests__/DashboardLayout.test.tsx(5,1): error TS6133: 'AuthProvider' is declared but its value is never read.
src/components/__tests__/DashboardLayout.test.tsx(6,1): error TS6133: 'UserRole' is declared but its value is never read.
src/components/__tests__/EnhancedTable.test.tsx(78,12): error TS2741: Property 'children' is missing in type '{}' but required in type 'EnhancedTableBodyProps'.
src/components/__tests__/ErrorBoundary.test.tsx(25,3): error TS2304: Cannot find name 'afterEach'.
src/components/__tests__/ErrorBoundary.test.tsx(190,7): error TS2322: Type 'Location' is not assignable to type 'string & Location'.
  Type 'Location' is not assignable to type 'string'.
src/components/__tests__/KPICard.test.tsx(30,13): error TS6133: 'container' is declared but its value is never read.
src/components/__tests__/KPICard.test.tsx(145,13): error TS6133: 'periodElement' is declared but its value is never read.
src/components/__tests__/ProtectedRoute.test.tsx(4,1): error TS6133: 'AuthProvider' is declared but its value is never read.
src/components/__tests__/ProtectedRoute.test.tsx(51,42): error TS2345: Argument of type '{ user: null; login: Mock<Procedure>; logout: Mock<Procedure>; register: Mock<Procedure>; switchRole: Mock<Procedure>; }' is not assignable to parameter of type 'AuthContextType'.
  Property 'refreshActivity' is missing in type '{ user: null; login: Mock<Procedure>; logout: Mock<Procedure>; register: Mock<Procedure>; switchRole: Mock<Procedure>; }' but required in type 'AuthContextType'.
src/components/__tests__/ProtectedRoute.test.tsx(79,42): error TS2345: Argument of type '{ user: { id: string; name: string; email: string; role: "comum"; }; login: Mock<Procedure>; logout: Mock<Procedure>; register: Mock<Procedure>; switchRole: Mock<...>; }' is not assignable to parameter of type 'AuthContextType'.
  Property 'refreshActivity' is missing in type '{ user: { id: string; name: string; email: string; role: "comum"; }; login: Mock<Procedure>; logout: Mock<Procedure>; register: Mock<Procedure>; switchRole: Mock<...>; }' but required in type 'AuthContextType'.
src/components/__tests__/ProtectedRoute.test.tsx(108,42): error TS2345: Argument of type '{ user: { id: string; name: string; email: string; role: "admin"; }; login: Mock<Procedure>; logout: Mock<Procedure>; register: Mock<Procedure>; switchRole: Mock<...>; }' is not assignable to parameter of type 'AuthContextType'.
  Property 'refreshActivity' is missing in type '{ user: { id: string; name: string; email: string; role: "admin"; }; login: Mock<Procedure>; logout: Mock<Procedure>; register: Mock<Procedure>; switchRole: Mock<...>; }' but required in type 'AuthContextType'.
src/components/__tests__/ProtectedRoute.test.tsx(135,42): error TS2345: Argument of type '{ user: { id: string; name: string; email: string; role: "comum"; }; login: Mock<Procedure>; logout: Mock<Procedure>; register: Mock<Procedure>; switchRole: Mock<...>; }' is not assignable to parameter of type 'AuthContextType'.
  Property 'refreshActivity' is missing in type '{ user: { id: string; name: string; email: string; role: "comum"; }; login: Mock<Procedure>; logout: Mock<Procedure>; register: Mock<Procedure>; switchRole: Mock<...>; }' but required in type 'AuthContextType'.
src/components/__tests__/ProtectedRoute.test.tsx(164,42): error TS2345: Argument of type '{ user: { id: string; name: string; email: string; role: "atem"; }; login: Mock<Procedure>; logout: Mock<Procedure>; register: Mock<Procedure>; switchRole: Mock<...>; }' is not assignable to parameter of type 'AuthContextType'.
  Property 'refreshActivity' is missing in type '{ user: { id: string; name: string; email: string; role: "atem"; }; login: Mock<Procedure>; logout: Mock<Procedure>; register: Mock<Procedure>; switchRole: Mock<...>; }' but required in type 'AuthContextType'.
src/components/__tests__/ProtectedRoute.test.tsx(202,44): error TS2345: Argument of type '{ user: { id: string; name: string; email: string; role: any; }; login: Mock<Procedure>; logout: Mock<Procedure>; register: Mock<Procedure>; switchRole: Mock<...>; }' is not assignable to parameter of type 'AuthContextType'.
  Property 'refreshActivity' is missing in type '{ user: { id: string; name: string; email: string; role: any; }; login: Mock<Procedure>; logout: Mock<Procedure>; register: Mock<Procedure>; switchRole: Mock<...>; }' but required in type 'AuthContextType'.
src/components/__tests__/ProtectedRoute.test.tsx(234,44): error TS2345: Argument of type '{ user: { id: string; name: string; email: string; role: any; }; login: Mock<Procedure>; logout: Mock<Procedure>; register: Mock<Procedure>; switchRole: Mock<...>; }' is not assignable to parameter of type 'AuthContextType'.
  Property 'refreshActivity' is missing in type '{ user: { id: string; name: string; email: string; role: any; }; login: Mock<Procedure>; logout: Mock<Procedure>; register: Mock<Procedure>; switchRole: Mock<...>; }' but required in type 'AuthContextType'.
src/components/AddLocationForm.tsx(16,13): error TS2352: Conversion of type 'Default' to type 'Record<string, unknown>' may be a mistake because neither type sufficiently overlaps with the other. If this was intentional, convert the expression to 'unknown' first.
  Index signature for type 'string' is missing in type 'Default'.
src/components/AddLocationForm.tsx(101,10): error TS6133: 'loadingCep' is declared but its value is never read.
src/components/DashboardLayout.tsx(1,8): error TS6133: 'React' is declared but its value is never read.
src/components/EnhancedTable.tsx(150,3): error TS6133: 'striped' is declared but its value is never read.
src/components/EnhancedTable.tsx(151,3): error TS6133: 'hoverable' is declared but its value is never read.
src/components/ErrorBoundary.tsx(1,8): error TS6133: 'React' is declared but its value is never read.
src/components/ExportButton.tsx(1,1): error TS6133: 'React' is declared but its value is never read.
src/components/location-details/LocationFinancialTab.tsx(18,25): error TS2322: Type 'Promise<{ default: never; } | { default: typeof Area; }>' is not assignable to type 'Promise<{ default: ComponentType<any>; }>'.
  Type '{ default: never; } | { default: typeof Area; }' is not assignable to type '{ default: ComponentType<any>; }'.
    Type '{ default: typeof Area; }' is not assignable to type '{ default: ComponentType<any>; }'.
      Types of property 'default' are incompatible.
        Type 'typeof Area' is not assignable to type 'ComponentType<any>'.
          Type 'typeof Area' is not assignable to type 'ComponentClass<any, any>'.
            Types of property 'getDerivedStateFromProps' are incompatible.
              Type '(nextProps: Props, prevState: State) => State' is not assignable to type 'GetDerivedStateFromProps<any, any>'.
                Types of parameters 'nextProps' and 'nextProps' are incompatible.
                  Type 'Readonly<any>' is not assignable to type 'Props'.
                    Property 'dataKey' is missing in type 'Readonly<any>' but required in type 'AreaProps'.
src/components/location-details/LocationFinancialTab.tsx(263,23): error TS2322: Type '(value: number) => [string, string]' is not assignable to type 'Formatter<ValueType, NameType>'.
  Types of parameters 'value' and 'value' are incompatible.
    Type 'ValueType' is not assignable to type 'number'.
      Type 'string' is not assignable to type 'number'.
src/components/location-details/LocationInfoTab.tsx(53,45): error TS6133: 'onUpdate' is declared but its value is never read.
src/components/location-details/LocationPerformanceTab.tsx(21,25): error TS2322: Type 'Promise<{ default: never; } | { default: typeof Area; }>' is not assignable to type 'Promise<{ default: ComponentType<any>; }>'.
  Type '{ default: never; } | { default: typeof Area; }' is not assignable to type '{ default: ComponentType<any>; }'.
    Type '{ default: typeof Area; }' is not assignable to type '{ default: ComponentType<any>; }'.
      Types of property 'default' are incompatible.
        Type 'typeof Area' is not assignable to type 'ComponentType<any>'.
          Type 'typeof Area' is not assignable to type 'ComponentClass<any, any>'.
            Types of property 'getDerivedStateFromProps' are incompatible.
              Type '(nextProps: Props, prevState: State) => State' is not assignable to type 'GetDerivedStateFromProps<any, any>'.
                Types of parameters 'nextProps' and 'nextProps' are incompatible.
                  Type 'Readonly<any>' is not assignable to type 'Props'.
                    Property 'dataKey' is missing in type 'Readonly<any>' but required in type 'AreaProps'.
src/components/location-details/LocationPerformanceTab.tsx(22,24): error TS2322: Type 'Promise<{ default: never; } | { default: typeof Bar; }>' is not assignable to type 'Promise<{ default: ComponentType<any>; }>'.
  Type '{ default: never; } | { default: typeof Bar; }' is not assignable to type '{ default: ComponentType<any>; }'.
    Type '{ default: typeof Bar; }' is not assignable to type '{ default: ComponentType<any>; }'.
      Types of property 'default' are incompatible.
        Type 'typeof Bar' is not assignable to type 'ComponentType<any>'.
          Type 'typeof Bar' is not assignable to type 'ComponentClass<any, any>'.
            Types of property 'getDerivedStateFromProps' are incompatible.
              Type '(nextProps: Props, prevState: State) => State' is not assignable to type 'GetDerivedStateFromProps<any, any>'.
                Types of parameters 'nextProps' and 'nextProps' are incompatible.
                  Type 'Readonly<any>' is not assignable to type 'Props'.
                    Property 'dataKey' is missing in type 'Readonly<any>' but required in type 'BarProps'.
src/components/NotificationBell.tsx(2,40): error TS6133: 'X' is declared but its value is never read.
src/components/StatusBadge.tsx(1,1): error TS6133: 'React' is declared but its value is never read.
src/components/ThemeProvider.tsx(1,1): error TS6133: 'React' is declared but its value is never read.
src/components/ThemeProvider.tsx(3,41): error TS2307: Cannot find module 'next-themes/dist/types' or its corresponding type declarations.
src/components/ThemeToggle.tsx(1,1): error TS6133: 'React' is declared but its value is never read.
src/components/ui/date-range-picker.tsx(3,1): error TS6133: 'React' is declared but its value is never read.
src/components/ui/date-range-picker.tsx(4,20): error TS6133: 'useEffect' is declared but its value is never read.
src/components/ui/date-range-picker.tsx(6,10): error TS2305: Module '"date-fns/locale"' has no exported member 'ptBR'.
src/components/ui/date-range-picker.tsx(343,19): error TS2353: Object literal may only specify known properties, and 'Chevron' does not exist in type 'CustomComponents'.
src/components/ui/date-range-picker.tsx(343,31): error TS7031: Binding element 'orientation' implicitly has an 'any' type.
src/lib/__tests__/api.test.ts(32,1): error TS2322: Type 'Location' is not assignable to type 'string & Location'.
  Type 'Location' is not assignable to type 'string'.
src/lib/__tests__/api.test.ts(282,13): error TS6133: 'response' is declared but its value is never read.
src/lib/__tests__/schemas.test.ts(9,3): error TS6133: 'cnpjSchema' is declared but its value is never read.
src/lib/__tests__/schemas.test.ts(34,29): error TS2339: Property 'errors' does not exist on type 'ZodError<{ email: string; password: string; }>'.
src/lib/__tests__/schemas.test.ts(82,29): error TS2339: Property 'errors' does not exist on type 'ZodError<{ name: string; email: string; password: string; }>'.
src/lib/__tests__/schemas.test.ts(82,41): error TS7006: Parameter 'e' implicitly has an 'any' type.
src/lib/__tests__/schemas.test.ts(96,29): error TS2339: Property 'errors' does not exist on type 'ZodError<{ name: string; email: string; password: string; }>'.
src/lib/__tests__/schemas.test.ts(96,41): error TS7006: Parameter 'e' implicitly has an 'any' type.
src/lib/__tests__/utils.test.ts(2,20): error TS2307: Cannot find module '../utils' or its corresponding type declarations.
src/lib/auth.tsx(1,8): error TS6133: 'React' is declared but its value is never read.
src/lib/schemas.ts(35,11): error TS2769: No overload matches this call.
  Overload 1 of 2, '(values: readonly ["percentage", "fixed_brl", "kwh"], params?: string | { error?: string | $ZodErrorMap<$ZodIssueInvalidValue<unknown>> | undefined; message?: string | undefined; } | undefined): ZodEnum<...>', gave the following error.
    Object literal may only specify known properties, and 'errorMap' does not exist in type '{ error?: string | $ZodErrorMap<$ZodIssueInvalidValue<unknown>> | undefined; message?: string | undefined; }'.
  Overload 2 of 2, '(entries: Readonly<Record<string, EnumValue>>, params?: string | { error?: string | $ZodErrorMap<$ZodIssueInvalidValue<unknown>> | undefined; message?: string | undefined; } | undefined): ZodEnum<...>', gave the following error.
    Argument of type 'string[]' is not assignable to parameter of type 'Readonly<Record<string, EnumValue>>'.
      Index signature for type 'string' is missing in type 'string[]'.
src/lib/webPush.ts(122,9): error TS2322: Type 'Uint8Array<ArrayBufferLike>' is not assignable to type 'string | BufferSource | null | undefined'.
  Type 'Uint8Array<ArrayBufferLike>' is not assignable to type 'ArrayBufferView<ArrayBuffer>'.
    Types of property 'buffer' are incompatible.
      Type 'ArrayBufferLike' is not assignable to type 'ArrayBuffer'.
        Type 'SharedArrayBuffer' is not assignable to type 'ArrayBuffer'.
          Types of property '[Symbol.toStringTag]' are incompatible.
            Type '"SharedArrayBuffer"' is not assignable to type '"ArrayBuffer"'.
src/main.tsx(1,28): error TS7016: Could not find a declaration file for module 'react-dom/client'. 'C:/Users/willi/Documents/Projetos/Projeto_NeoPower/NeoRBAC/node_modules/react-dom/client.js' implicitly has an 'any' type.
  Try `npm i --save-dev @types/react-dom` if it exists or add a new declaration (.d.ts) file containing `declare module 'react-dom/client';`
src/pages/FinancialReport.tsx(22,3): error TS6133: 'ArrowUpRight' is declared but its value is never read.
src/pages/FinancialReport.tsx(854,40): error TS2322: Type '{ children: Element; colSpan: number; className: string; }' is not assignable to type 'IntrinsicAttributes & EnhancedTableCellProps'.
  Property 'colSpan' does not exist on type 'IntrinsicAttributes & EnhancedTableCellProps'.
src/pages/Indicators.tsx(1,8): error TS6133: 'React' is declared but its value is never read.
src/pages/Indicators.tsx(5,3): error TS6133: 'TrendingDown' is declared but its value is never read.
src/pages/Indicators.tsx(10,3): error TS6133: 'Calendar' is declared but its value is never read.
src/pages/Indicators.tsx(23,24): error TS2322: Type 'Promise<{ default: never; } | { default: typeof Bar; }>' is not assignable to type 'Promise<{ default: ComponentType<any>; }>'.
  Type '{ default: never; } | { default: typeof Bar; }' is not assignable to type '{ default: ComponentType<any>; }'.
    Type '{ default: typeof Bar; }' is not assignable to type '{ default: ComponentType<any>; }'.
      Types of property 'default' are incompatible.
        Type 'typeof Bar' is not assignable to type 'ComponentType<any>'.
          Type 'typeof Bar' is not assignable to type 'ComponentClass<any, any>'.
            Types of property 'getDerivedStateFromProps' are incompatible.
              Type '(nextProps: Props, prevState: State) => State' is not assignable to type 'GetDerivedStateFromProps<any, any>'.
                Types of parameters 'nextProps' and 'nextProps' are incompatible.
                  Type 'Readonly<any>' is not assignable to type 'Props'.
                    Property 'dataKey' is missing in type 'Readonly<any>' but required in type 'BarProps'.
src/pages/Indicators.tsx(25,25): error TS2322: Type 'Promise<{ default: never; } | { default: typeof Area; }>' is not assignable to type 'Promise<{ default: ComponentType<any>; }>'.
  Type '{ default: never; } | { default: typeof Area; }' is not assignable to type '{ default: ComponentType<any>; }'.
    Type '{ default: typeof Area; }' is not assignable to type '{ default: ComponentType<any>; }'.
      Types of property 'default' are incompatible.
        Type 'typeof Area' is not assignable to type 'ComponentType<any>'.
          Type 'typeof Area' is not assignable to type 'ComponentClass<any, any>'.
            Types of property 'getDerivedStateFromProps' are incompatible.
              Type '(nextProps: Props, prevState: State) => State' is not assignable to type 'GetDerivedStateFromProps<any, any>'.
                Types of parameters 'nextProps' and 'nextProps' are incompatible.
                  Type 'Readonly<any>' is not assignable to type 'Props'.
                    Property 'dataKey' is missing in type 'Readonly<any>' but required in type 'AreaProps'.
src/pages/Indicators.tsx(30,7): error TS6133: 'Legend' is declared but its value is never read.
src/pages/Indicators.tsx(191,11): error TS2322: Type '(value: number) => [string, string]' is not assignable to type 'Formatter<ValueType, NameType>'.
  Types of parameters 'value' and 'value' are incompatible.
    Type 'ValueType' is not assignable to type 'number'.
      Type 'string' is not assignable to type 'number'.
src/pages/Operations.tsx(1237,29): error TS2322: Type 'unknown' is not assignable to type 'ReactNode'.
src/pages/Overview.tsx(1,8): error TS6133: 'React' is declared but its value is never read.
src/pages/Overview.tsx(4,1): error TS6133: 'Input' is declared but its value is never read.
src/pages/Overview.tsx(5,1): error TS6133: 'Button' is declared but its value is never read.
src/pages/Overview.tsx(10,1): error TS6133: 'toast' is declared but its value is never read.
src/pages/Overview.tsx(16,24): error TS2322: Type 'Promise<{ default: never; } | { default: typeof Bar; }>' is not assignable to type 'Promise<{ default: ComponentType<any>; }>'.
  Type '{ default: never; } | { default: typeof Bar; }' is not assignable to type '{ default: ComponentType<any>; }'.
    Type '{ default: typeof Bar; }' is not assignable to type '{ default: ComponentType<any>; }'.
      Types of property 'default' are incompatible.
        Type 'typeof Bar' is not assignable to type 'ComponentType<any>'.
          Type 'typeof Bar' is not assignable to type 'ComponentClass<any, any>'.
            Types of property 'getDerivedStateFromProps' are incompatible.
              Type '(nextProps: Props, prevState: State) => State' is not assignable to type 'GetDerivedStateFromProps<any, any>'.
                Types of parameters 'nextProps' and 'nextProps' are incompatible.
                  Type 'Readonly<any>' is not assignable to type 'Props'.
                    Property 'dataKey' is missing in type 'Readonly<any>' but required in type 'BarProps'.
src/pages/Overview.tsx(18,24): error TS2322: Type 'Promise<{ default: never; } | { default: typeof Pie; }>' is not assignable to type 'Promise<{ default: ComponentType<any>; }>'.
  Type '{ default: never; } | { default: typeof Pie; }' is not assignable to type '{ default: ComponentType<any>; }'.
    Type '{ default: typeof Pie; }' is not assignable to type '{ default: ComponentType<any>; }'.
      Types of property 'default' are incompatible.
        Type 'typeof Pie' is not assignable to type 'ComponentType<any>'.
          Type 'typeof Pie' is not assignable to type 'ComponentClass<any, any>'.
            Types of property 'getDerivedStateFromProps' are incompatible.
              Type '(nextProps: Props, prevState: State) => State' is not assignable to type 'GetDerivedStateFromProps<any, any>'.
                Types of parameters 'nextProps' and 'nextProps' are incompatible.
                  Type 'Readonly<any>' is not assignable to type 'Props'.
                    Property 'dataKey' is missing in type 'Readonly<any>' but required in type 'PieProps'.
src/pages/Overview.tsx(360,28): error TS7006: Parameter 'entry' implicitly has an 'any' type.
src/pages/PushNotifications.tsx(1,8): error TS6133: 'React' is declared but its value is never read.
src/pages/Stations.tsx(1,8): error TS6133: 'React' is declared but its value is never read.
src/pages/Transactions.tsx(1,8): error TS6133: 'React' is declared but its value is never read.
src/pages/Users.tsx(1,8): error TS6133: 'React' is declared but its value is never read.
src/pages/Vouchers.tsx(1,8): error TS6133: 'React' is declared but its value is never read.
src/pages/Wallets.tsx(1,8): error TS6133: 'React' is declared but its value is never read.
src/pages/Wallets.tsx(12,1): error TS6133: 'StatusBadge' is declared but its value is never read.
src/pages/Wallets.tsx(71,10): error TS6133: 'error' is declared but its value is never read.
src/pages/Wallets.tsx(276,15): error TS2322: Type 'WalletData[] | WalletTransaction[]' is not assignable to type 'Record<string, unknown>[]'.
  Type 'WalletData[]' is not assignable to type 'Record<string, unknown>[]'.
    Type 'WalletData' is not assignable to type 'Record<string, unknown>'.
      Index signature for type 'string' is missing in type 'WalletData'.
